
> content-environment-migration@1.0.0 build
> tsc -b && vite build

vite v4.5.14 building for production...
transforming...
✓ 1823 modules transformed.
rendering chunks...
computing gzip size...
dist/index.html                   0.47 kB │ gzip:   0.30 kB
dist/assets/index-fcf2bb80.css   19.30 kB │ gzip:   4.45 kB
dist/assets/index-f9a27dfa.js   578.65 kB │ gzip: 149.56 kB │ map: 2,065.33 kB

(!) Some chunks are larger than 500 kBs after minification. Consider:
- Using dynamic import() to code-split the application
- Use build.rollupOptions.output.manualChunks to improve chunking: https://rollupjs.org/configuration-options/#output-manualchunks
- Adjust chunk size limit for this warning via build.chunkSizeWarningLimit.
✓ built in 2.05s
